testdata/cases/analyze/deprecated_api_usage.go:5:2: warning[deprecated-api-usage]: io/ioutil is deprecated: As of Go 1.16, the same functionality is now provided by package [io] or package [os], and those implementations should be preferred in new code. See the specific function documentation for details.
testdata/cases/analyze/deprecated_api_usage.go:9:9: warning[deprecated-api-usage]: io/ioutil.ReadAll is deprecated: As of Go 1.16, this function simply calls [io.ReadAll].
