warning[failed-assertion-shadow-read]: value is the zero value produced by the failed type assertion, not the original interface value
  ┌─ testdata/cases/analyze/failed_assertion_shadow_read.go:9:36
  │
9 │ 		fmt.Printf("unexpected type %T", value)
  │ 		                                 ^^^^^

found 1 issue: 1 warning
