warning[unexported-serialization-fields]: JSON marshaling sees no exported fields in privatePayload and no custom serialization method
  ┌─ testdata/cases/analyze/unexported_serialization_fields.go:10:22
   │
10 │ 	return json.Marshal(privatePayload{value: "hidden"})
   │ 	                    ^^^^^^^^^^^^^^^^^^^^^^^^^^^^^^^

found 1 issue: 1 warning
