warning[unsafe-formatted-url-host-port]: formatted URL host and port may be invalid for IPv6; build the authority with net.JoinHostPort
  ┌─ testdata/cases/analyze/unsafe_formatted_url_host_port.go:6:21
  │
6 │ 	return fmt.Sprintf("https://%s:%d/path", host, port)
  │ 	                   ^^^^^^^^^^^^^^^^^^^^

found 1 issue: 1 warning
