warning[untrappable-signal]: os.Kill cannot be trapped by a process
  ┌─ testdata/cases/analyze/untrappable_signal.go:10:20
   │
10 │ 	signal.Notify(ch, os.Kill)
   │ 	                  ^^^^^^^

warning[untrappable-signal]: syscall.SIGSTOP cannot be trapped by a process
  ┌─ testdata/cases/analyze/untrappable_signal.go:11:16
   │
11 │ 	signal.Ignore(syscall.SIGSTOP)
   │ 	              ^^^^^^^^^^^^^^^

found 2 issues: 2 warnings
